     1                                  [org 0x0100]
     2                                  
     3                                  ; program to add 3 numbers
     4                                  ; using memory variables
     5                                  
     6                                  ; mov [num1], [num2] illegal 
     7                                  
     8 00000000 A1[1700]                mov ax, [num1] ; 3
     9 00000003 8B1E[1900]              mov bx, [num1 + 2] ; 3
    10 00000007 8B0E[1B00]              mov cx, [num1 + 4] ; 3
    11                                  
    12 0000000B 01D8                    add ax, bx ; 2
    13 0000000D 01C8                    add ax, cx ; 2
    14 0000000F A3[1D00]                mov [num1 + 6], ax ; 3
    15                                  
    16 00000012 B8004C                  mov ax, 0x4c00 ; 3
    17 00000015 CD21                    int 0x21 ; 1
    18                                  
    19 00000017 0500                    num1: dw 5
    20 00000019 0A00                    dw 10
    21 0000001B 0F00                    num3: dw 15
    22 0000001D 0000                    num4: dw 0
